[0m[1mmodule.service.data.aws_vpc.default: Reading...[0m[0m
[0m[1mmodule.data.aws_secretsmanager_secret.db: Refreshing state... [id=arn:aws:secretsmanager:us-east-1:000000000000:secret:regional-health/db-FJoIZc][0m
[0m[1mmodule.data.aws_secretsmanager_secret_version.db: Refreshing state... [id=arn:aws:secretsmanager:us-east-1:000000000000:secret:regional-health/db-FJoIZc|terraform-20260821120935915000000002][0m
[0m[1mmodule.service.data.aws_vpc.default: Read complete after 0s [id=vpc-dfff49a972949f139][0m
[0m[1mmodule.service.data.aws_subnets.default: Reading...[0m[0m
[0m[1mmodule.service.aws_security_group.app: Refreshing state... [id=sg-e76e85fa049e93748][0m
[0m[1mmodule.service.data.aws_subnets.default: Read complete after 0s [id=us-east-1][0m

OpenTofu used the selected providers to generate the following execution
plan. Resource actions are indicated with the following symbols:
  [31m-[0m destroy[0m

OpenTofu will perform the following actions:

[1m  # module.data.aws_secretsmanager_secret.db[0m will be [1m[31mdestroyed[0m
[0m  [31m-[0m[0m resource "aws_secretsmanager_secret" "db" {
      [31m-[0m[0m arn                            = "arn:aws:secretsmanager:us-east-1:000000000000:secret:regional-health/db-FJoIZc" [90m-> null[0m[0m
      [31m-[0m[0m force_overwrite_replica_secret = false [90m-> null[0m[0m
      [31m-[0m[0m id                             = "arn:aws:secretsmanager:us-east-1:000000000000:secret:regional-health/db-FJoIZc" [90m-> null[0m[0m
      [31m-[0m[0m name                           = "regional-health/db" [90m-> null[0m[0m
      [31m-[0m[0m recovery_window_in_days        = 0 [90m-> null[0m[0m
      [31m-[0m[0m tags                           = {
          [31m-[0m[0m "Name" = "regional-health/db"
        } [90m-> null[0m[0m
      [31m-[0m[0m tags_all                       = {
          [31m-[0m[0m "Name" = "regional-health/db"
        } [90m-> null[0m[0m
    }

[1m  # module.data.aws_secretsmanager_secret_version.db[0m will be [1m[31mdestroyed[0m
[0m  [31m-[0m[0m resource "aws_secretsmanager_secret_version" "db" {
      [31m-[0m[0m arn              = "arn:aws:secretsmanager:us-east-1:000000000000:secret:regional-health/db-FJoIZc" [90m-> null[0m[0m
      [31m-[0m[0m id               = "arn:aws:secretsmanager:us-east-1:000000000000:secret:regional-health/db-FJoIZc|terraform-20260821120935915000000002" [90m-> null[0m[0m
      [31m-[0m[0m secret_id        = "arn:aws:secretsmanager:us-east-1:000000000000:secret:regional-health/db-FJoIZc" [90m-> null[0m[0m
      [31m-[0m[0m secret_string    = (sensitive value) [90m-> null[0m[0m
      [31m-[0m[0m secret_string_wo = (write-only attribute) [90m-> null[0m[0m
      [31m-[0m[0m version_id       = "terraform-20260821120935915000000002" [90m-> null[0m[0m
      [31m-[0m[0m version_stages   = [
          [31m-[0m[0m "AWSCURRENT",
        ] [90m-> null[0m[0m
    }

[1m  # module.service.aws_security_group.app[0m will be [1m[31mdestroyed[0m
[0m  [31m-[0m[0m resource "aws_security_group" "app" {
      [31m-[0m[0m arn                    = "arn:aws:ec2:us-east-1:000000000000:security-group/sg-e76e85fa049e93748" [90m-> null[0m[0m
      [31m-[0m[0m description            = "nginx (80) for the devops-g1-ls-rigbe instance; app port is loopback-only" [90m-> null[0m[0m
      [31m-[0m[0m egress                 = [
          [31m-[0m[0m {
              [31m-[0m[0m cidr_blocks      = [
                  [31m-[0m[0m "0.0.0.0/0",
                ]
              [31m-[0m[0m description      = "DNS"
              [31m-[0m[0m from_port        = 53
              [31m-[0m[0m ipv6_cidr_blocks = []
              [31m-[0m[0m prefix_list_ids  = []
              [31m-[0m[0m protocol         = "udp"
              [31m-[0m[0m security_groups  = []
              [31m-[0m[0m self             = false
              [31m-[0m[0m to_port          = 53
            },
          [31m-[0m[0m {
              [31m-[0m[0m cidr_blocks      = [
                  [31m-[0m[0m "0.0.0.0/0",
                ]
              [31m-[0m[0m description      = "HTTP out (apt package mirrors)"
              [31m-[0m[0m from_port        = 80
              [31m-[0m[0m ipv6_cidr_blocks = []
              [31m-[0m[0m prefix_list_ids  = []
              [31m-[0m[0m protocol         = "tcp"
              [31m-[0m[0m security_groups  = []
              [31m-[0m[0m self             = false
              [31m-[0m[0m to_port          = 80
            },
          [31m-[0m[0m {
              [31m-[0m[0m cidr_blocks      = [
                  [31m-[0m[0m "0.0.0.0/0",
                ]
              [31m-[0m[0m description      = "HTTPS out (AWS SDK, apt-https, Aiven TLS control)"
              [31m-[0m[0m from_port        = 443
              [31m-[0m[0m ipv6_cidr_blocks = []
              [31m-[0m[0m prefix_list_ids  = []
              [31m-[0m[0m protocol         = "tcp"
              [31m-[0m[0m security_groups  = []
              [31m-[0m[0m self             = false
              [31m-[0m[0m to_port          = 443
            },
          [31m-[0m[0m {
              [31m-[0m[0m cidr_blocks      = [
                  [31m-[0m[0m "0.0.0.0/0",
                ]
              [31m-[0m[0m description      = "managed MySQL at Aiven (public host on db_port)"
              [31m-[0m[0m from_port        = 16437
              [31m-[0m[0m ipv6_cidr_blocks = []
              [31m-[0m[0m prefix_list_ids  = []
              [31m-[0m[0m protocol         = "tcp"
              [31m-[0m[0m security_groups  = []
              [31m-[0m[0m self             = false
              [31m-[0m[0m to_port          = 16437
            },
        ] [90m-> null[0m[0m
      [31m-[0m[0m id                     = "sg-e76e85fa049e93748" [90m-> null[0m[0m
      [31m-[0m[0m ingress                = [
          [31m-[0m[0m {
              [31m-[0m[0m cidr_blocks      = [
                  [31m-[0m[0m "172.31.0.0/16",
                ]
              [31m-[0m[0m description      = "nginx HTTP (the only external path; enforces the readiness gate)"
              [31m-[0m[0m from_port        = 80
              [31m-[0m[0m ipv6_cidr_blocks = []
              [31m-[0m[0m prefix_list_ids  = []
              [31m-[0m[0m protocol         = "tcp"
              [31m-[0m[0m security_groups  = []
              [31m-[0m[0m self             = false
              [31m-[0m[0m to_port          = 80
            },
        ] [90m-> null[0m[0m
      [31m-[0m[0m name                   = "devops-g1-ls-rigbe-app-sg" [90m-> null[0m[0m
      [31m-[0m[0m owner_id               = "000000000000" [90m-> null[0m[0m
      [31m-[0m[0m revoke_rules_on_delete = false [90m-> null[0m[0m
      [31m-[0m[0m tags                   = {
          [31m-[0m[0m "Name" = "devops-g1-ls-rigbe-app-sg"
        } [90m-> null[0m[0m
      [31m-[0m[0m tags_all               = {
          [31m-[0m[0m "Name" = "devops-g1-ls-rigbe-app-sg"
        } [90m-> null[0m[0m
      [31m-[0m[0m vpc_id                 = "vpc-dfff49a972949f139" [90m-> null[0m[0m
    }

[1mPlan:[0m 0 to add, 0 to change, 3 to destroy.
[0m
Changes to Outputs:
  [31m-[0m[0m alb_dns_name = "" [90m-> null[0m[0m
  [31m-[0m[0m db_endpoint  = "mysql-2343e8b8-rigbewweleslasie-2c2e.i.aivencloud.com" [90m-> null[0m[0m
  [31m-[0m[0m secret_arn   = "arn:aws:secretsmanager:us-east-1:000000000000:secret:regional-health/db-FJoIZc" [90m-> null[0m[0m
[0m[1mmodule.data.aws_secretsmanager_secret_version.db: Destroying... [id=arn:aws:secretsmanager:us-east-1:000000000000:secret:regional-health/db-FJoIZc|terraform-20260821120935915000000002][0m[0m
[0m[1mmodule.service.aws_security_group.app: Destroying... [id=sg-e76e85fa049e93748][0m[0m
[0m[1mmodule.data.aws_secretsmanager_secret_version.db: Destruction complete after 0s[0m
[0m[1mmodule.data.aws_secretsmanager_secret.db: Destroying... [id=arn:aws:secretsmanager:us-east-1:000000000000:secret:regional-health/db-FJoIZc][0m[0m
[0m[1mmodule.data.aws_secretsmanager_secret.db: Destruction complete after 0s[0m
[0m[1mmodule.service.aws_security_group.app: Destruction complete after 0s[0m
[0m[1m[32m
Destroy complete! Resources: 3 destroyed.
[0m